Archive member included to satisfy reference by file (symbol)

c:/programfiles/systemworkbench/plugins/fr.ac6.mcu.externaltools.arm-none.win32_1.17.0.201812190825/tools/compiler/bin/../lib/gcc/arm-none-eabi/7.3.1/../../../../arm-none-eabi/lib/thumb/v7-m\libc_nano.a(lib_a-exit.o)
                              c:/programfiles/systemworkbench/plugins/fr.ac6.mcu.externaltools.arm-none.win32_1.17.0.201812190825/tools/compiler/bin/../lib/gcc/arm-none-eabi/7.3.1/../../../../arm-none-eabi/lib/thumb/v7-m/crt0.o (exit)
c:/programfiles/systemworkbench/plugins/fr.ac6.mcu.externaltools.arm-none.win32_1.17.0.201812190825/tools/compiler/bin/../lib/gcc/arm-none-eabi/7.3.1/../../../../arm-none-eabi/lib/thumb/v7-m\libc_nano.a(lib_a-impure.o)
                              c:/programfiles/systemworkbench/plugins/fr.ac6.mcu.externaltools.arm-none.win32_1.17.0.201812190825/tools/compiler/bin/../lib/gcc/arm-none-eabi/7.3.1/../../../../arm-none-eabi/lib/thumb/v7-m\libc_nano.a(lib_a-exit.o) (_global_impure_ptr)
c:/programfiles/systemworkbench/plugins/fr.ac6.mcu.externaltools.arm-none.win32_1.17.0.201812190825/tools/compiler/bin/../lib/gcc/arm-none-eabi/7.3.1/../../../../arm-none-eabi/lib/thumb/v7-m\libc_nano.a(lib_a-init.o)
                              c:/programfiles/systemworkbench/plugins/fr.ac6.mcu.externaltools.arm-none.win32_1.17.0.201812190825/tools/compiler/bin/../lib/gcc/arm-none-eabi/7.3.1/../../../../arm-none-eabi/lib/thumb/v7-m/crt0.o (__libc_init_array)
c:/programfiles/systemworkbench/plugins/fr.ac6.mcu.externaltools.arm-none.win32_1.17.0.201812190825/tools/compiler/bin/../lib/gcc/arm-none-eabi/7.3.1/../../../../arm-none-eabi/lib/thumb/v7-m\libc_nano.a(lib_a-memset.o)
                              c:/programfiles/systemworkbench/plugins/fr.ac6.mcu.externaltools.arm-none.win32_1.17.0.201812190825/tools/compiler/bin/../lib/gcc/arm-none-eabi/7.3.1/../../../../arm-none-eabi/lib/thumb/v7-m/crt0.o (memset)
c:/programfiles/systemworkbench/plugins/fr.ac6.mcu.externaltools.arm-none.win32_1.17.0.201812190825/tools/compiler/bin/../lib/gcc/arm-none-eabi/7.3.1/../../../../arm-none-eabi/lib/thumb/v7-m\libnosys.a(_exit.o)
                              c:/programfiles/systemworkbench/plugins/fr.ac6.mcu.externaltools.arm-none.win32_1.17.0.201812190825/tools/compiler/bin/../lib/gcc/arm-none-eabi/7.3.1/../../../../arm-none-eabi/lib/thumb/v7-m\libc_nano.a(lib_a-exit.o) (_exit)

Allocating common symbols
Common symbol       size              file

vetTx               0x8               Src/can.o
hcan                0x44              Src/can.o
uwTick              0x4               Drivers/STM32F1xx_HAL_Driver/Src/stm32f1xx_hal.o
idRx                0x4               Src/can.o
pFlash              0x20              Drivers/STM32F1xx_HAL_Driver/Src/stm32f1xx_hal_flash.o
vetRx               0x4               Src/can.o

Discarded input sections

 .text          0x00000000        0x0 c:/programfiles/systemworkbench/plugins/fr.ac6.mcu.externaltools.arm-none.win32_1.17.0.201812190825/tools/compiler/bin/../lib/gcc/arm-none-eabi/7.3.1/thumb/v7-m/crti.o
 .data          0x00000000        0x0 c:/programfiles/systemworkbench/plugins/fr.ac6.mcu.externaltools.arm-none.win32_1.17.0.201812190825/tools/compiler/bin/../lib/gcc/arm-none-eabi/7.3.1/thumb/v7-m/crti.o
 .bss           0x00000000        0x0 c:/programfiles/systemworkbench/plugins/fr.ac6.mcu.externaltools.arm-none.win32_1.17.0.201812190825/tools/compiler/bin/../lib/gcc/arm-none-eabi/7.3.1/thumb/v7-m/crti.o
 .data          0x00000000        0x4 c:/programfiles/systemworkbench/plugins/fr.ac6.mcu.externaltools.arm-none.win32_1.17.0.201812190825/tools/compiler/bin/../lib/gcc/arm-none-eabi/7.3.1/thumb/v7-m/crtbegin.o
 .text          0x00000000       0x74 c:/programfiles/systemworkbench/plugins/fr.ac6.mcu.externaltools.arm-none.win32_1.17.0.201812190825/tools/compiler/bin/../lib/gcc/arm-none-eabi/7.3.1/../../../../arm-none-eabi/lib/thumb/v7-m/crt0.o
 .data          0x00000000        0x0 c:/programfiles/systemworkbench/plugins/fr.ac6.mcu.externaltools.arm-none.win32_1.17.0.201812190825/tools/compiler/bin/../lib/gcc/arm-none-eabi/7.3.1/../../../../arm-none-eabi/lib/thumb/v7-m/crt0.o
 .bss           0x00000000        0x0 c:/programfiles/systemworkbench/plugins/fr.ac6.mcu.externaltools.arm-none.win32_1.17.0.201812190825/tools/compiler/bin/../lib/gcc/arm-none-eabi/7.3.1/../../../../arm-none-eabi/lib/thumb/v7-m/crt0.o
 .ARM.extab     0x00000000        0x0 c:/programfiles/systemworkbench/plugins/fr.ac6.mcu.externaltools.arm-none.win32_1.17.0.201812190825/tools/compiler/bin/../lib/gcc/arm-none-eabi/7.3.1/../../../../arm-none-eabi/lib/thumb/v7-m/crt0.o
 .ARM.exidx     0x00000000        0x8 c:/programfiles/systemworkbench/plugins/fr.ac6.mcu.externaltools.arm-none.win32_1.17.0.201812190825/tools/compiler/bin/../lib/gcc/arm-none-eabi/7.3.1/../../../../arm-none-eabi/lib/thumb/v7-m/crt0.o
 .ARM.attributes
[...]
Memory Configuration

Name             Origin             Length             Attributes
RAM              0x20000000         0x00005000         xrw
FLASH            0x08000000         0x00010000         xr
*default*        0x00000000         0xffffffff

Linker script and memory map

LOAD c:/programfiles/systemworkbench/plugins/fr.ac6.mcu.externaltools.arm-none.win32_1.17.0.201812190825/tools/compiler/bin/../lib/gcc/arm-none-eabi/7.3.1/thumb/v7-m/crti.o
LOAD c:/programfiles/systemworkbench/plugins/fr.ac6.mcu.externaltools.arm-none.win32_1.17.0.201812190825/tools/compiler/bin/../lib/gcc/arm-none-eabi/7.3.1/thumb/v7-m/crtbegin.o
LOAD c:/programfiles/systemworkbench/plugins/fr.ac6.mcu.externaltools.arm-none.win32_1.17.0.201812190825/tools/compiler/bin/../lib/gcc/arm-none-eabi/7.3.1/../../../../arm-none-eabi/lib/thumb/v7-m/crt0.o
LOAD Drivers/STM32F1xx_HAL_Driver/Src/stm32f1xx_hal.o
LOAD Drivers/STM32F1xx_HAL_Driver/Src/stm32f1xx_hal_can.o
LOAD Drivers/STM32F1xx_HAL_Driver/Src/stm32f1xx_hal_cortex.o
LOAD Drivers/STM32F1xx_HAL_Driver/Src/stm32f1xx_hal_dma.o
LOAD Drivers/STM32F1xx_HAL_Driver/Src/stm32f1xx_hal_flash.o
LOAD Drivers/STM32F1xx_HAL_Driver/Src/stm32f1xx_hal_flash_ex.o
LOAD Drivers/STM32F1xx_HAL_Driver/Src/stm32f1xx_hal_gpio.o
LOAD Drivers/STM32F1xx_HAL_Driver/Src/stm32f1xx_hal_gpio_ex.o
LOAD Drivers/STM32F1xx_HAL_Driver/Src/stm32f1xx_hal_pwr.o
LOAD Drivers/STM32F1xx_HAL_Driver/Src/stm32f1xx_hal_rcc.o
LOAD Drivers/STM32F1xx_HAL_Driver/Src/stm32f1xx_hal_rcc_ex.o
LOAD Drivers/STM32F1xx_HAL_Driver/Src/stm32f1xx_hal_tim.o
LOAD Drivers/STM32F1xx_HAL_Driver/Src/stm32f1xx_hal_tim_ex.o
LOAD Src/can.o
LOAD Src/gpio.o
LOAD Src/main.o
LOAD Src/stm32f1xx_hal_msp.o
LOAD Src/stm32f1xx_it.o
LOAD Src/system_stm32f1xx.o
LOAD startup/startup_stm32f103xb.o
LOAD c:/programfiles/systemworkbench/plugins/fr.ac6.mcu.externaltools.arm-none.win32_1.17.0.201812190825/tools/compiler/bin/../lib/gcc/arm-none-eabi/7.3.1/../../../../arm-none-eabi/lib/thumb/v7-m\libm.a
START GROUP
LOAD c:/programfiles/systemworkbench/plugins/fr.ac6.mcu.externaltools.arm-none.win32_1.17.0.201812190825/tools/compiler/bin/../lib/gcc/arm-none-eabi/7.3.1/thumb/v7-m\libgcc.a
LOAD c:/programfiles/systemworkbench/plugins/fr.ac6.mcu.externaltools.arm-none.win32_1.17.0.201812190825/tools/compiler/bin/../lib/gcc/arm-none-eabi/7.3.1/../../../../arm-none-eabi/lib/thumb/v7-m\libc_nano.a
END GROUP
START GROUP
LOAD c:/programfiles/systemworkbench/plugins/fr.ac6.mcu.externaltools.arm-none.win32_1.17.0.201812190825/tools/compiler/bin/../lib/gcc/arm-none-eabi/7.3.1/thumb/v7-m\libgcc.a
LOAD c:/programfiles/systemworkbench/plugins/fr.ac6.mcu.externaltools.arm-none.win32_1.17.0.201812190825/tools/compiler/bin/../lib/gcc/arm-none-eabi/7.3.1/../../../../arm-none-eabi/lib/thumb/v7-m\libc_nano.a
LOAD c:/programfiles/systemworkbench/plugins/fr.ac6.mcu.externaltools.arm-none.win32_1.17.0.201812190825/tools/compiler/bin/../lib/gcc/arm-none-eabi/7.3.1/../../../../arm-none-eabi/lib/thumb/v7-m\libnosys.a
END GROUP
START GROUP
LOAD c:/programfiles/systemworkbench/plugins/fr.ac6.mcu.externaltools.arm-none.win32_1.17.0.201812190825/tools/compiler/bin/../lib/gcc/arm-none-eabi/7.3.1/thumb/v7-m\libgcc.a
LOAD c:/programfiles/systemworkbench/plugins/fr.ac6.mcu.externaltools.arm-none.win32_1.17.0.201812190825/tools/compiler/bin/../lib/gcc/arm-none-eabi/7.3.1/../../../../arm-none-eabi/lib/thumb/v7-m\libc_nano.a
LOAD c:/programfiles/systemworkbench/plugins/fr.ac6.mcu.externaltools.arm-none.win32_1.17.0.201812190825/tools/compiler/bin/../lib/gcc/arm-none-eabi/7.3.1/../../../../arm-none-eabi/lib/thumb/v7-m\libnosys.a
END GROUP
LOAD c:/programfiles/systemworkbench/plugins/fr.ac6.mcu.externaltools.arm-none.win32_1.17.0.201812190825/tools/compiler/bin/../lib/gcc/arm-none-eabi/7.3.1/thumb/v7-m/crtend.o
LOAD c:/programfiles/systemworkbench/plugins/fr.ac6.mcu.externaltools.arm-none.win32_1.17.0.201812190825/tools/compiler/bin/../lib/gcc/arm-none-eabi/7.3.1/thumb/v7-m/crtn.o
                0x20005000                _estack = 0x20005000
                0x00000200                _Min_Heap_Size = 0x200
                0x00000400                _Min_Stack_Size = 0x400

.isr_vector     0x08000000      0x10c
                0x08000000                . = ALIGN (0x4)
 *(.isr_vector)
 .isr_vector    0x08000000      0x10c startup/startup_stm32f103xb.o
                0x08000000                g_pfnVectors
                0x0800010c                . = ALIGN (0x4)

.text           0x0800010c     0x18f4
                0x0800010c                . = ALIGN (0x4)
 *(.text)
 .text          0x0800010c       0x40 c:/programfiles/systemworkbench/plugins/fr.ac6.mcu.externaltools.arm-none.win32_1.17.0.201812190825/tools/compiler/bin/../lib/gcc/arm-none-eabi/7.3.1/thumb/v7-m/crtbegin.o
 *(.text*)
 .text.HAL_InitTick
                0x0800014c       0x48 Drivers/STM32F1xx_HAL_Driver/Src/stm32f1xx_hal.o
                0x0800014c                HAL_InitTick
 .text.HAL_Init
                0x08000194       0x24 Drivers/STM32F1xx_HAL_Driver/Src/stm32f1xx_hal.o
                0x08000194                HAL_Init
 .text.HAL_IncTick
                0x080001b8       0x18 Drivers/STM32F1xx_HAL_Driver/Src/stm32f1xx_hal.o
                0x080001b8                HAL_IncTick
 .text.HAL_GetTick
                0x080001d0        0xc Drivers/STM32F1xx_HAL_Driver/Src/stm32f1xx_hal.o
                0x080001d0                HAL_GetTick
 .text.HAL_Delay
                0x080001dc       0x28 Drivers/STM32F1xx_HAL_Driver/Src/stm32f1xx_hal.o
                0x080001dc                HAL_Delay
 .text.HAL_CAN_ConfigFilter
                0x08000204      0x106 Drivers/STM32F1xx_HAL_Driver/Src/stm32f1xx_hal_can.o
                0x08000204                HAL_CAN_ConfigFilter
 .text.HAL_CAN_Init
                0x0800030a      0x136 Drivers/STM32F1xx_HAL_Driver/Src/stm32f1xx_hal_can.o
                0x0800030a                HAL_CAN_Init
 .text.HAL_CAN_Transmit_IT
                0x08000440      0x15e Drivers/STM32F1xx_HAL_Driver/Src/stm32f1xx_hal_can.o
                0x08000440                HAL_CAN_Transmit_IT
 .text.HAL_CAN_Receive_IT
                0x0800059e      0x12c Drivers/STM32F1xx_HAL_Driver/Src/stm32f1xx_hal_can.o
                0x0800059e                HAL_CAN_Receive_IT
 .text.HAL_CAN_TxCpltCallback
                0x080006ca        0x2 Drivers/STM32F1xx_HAL_Driver/Src/stm32f1xx_hal_can.o
                0x080006ca                HAL_CAN_TxCpltCallback
 .text.CAN_Transmit_IT
                0x080006cc       0x5a Drivers/STM32F1xx_HAL_Driver/Src/stm32f1xx_hal_can.o
 .text.CAN_Receive_IT
                0x08000726      0x170 Drivers/STM32F1xx_HAL_Driver/Src/stm32f1xx_hal_can.o
 *fill*         0x08000896        0x2 
 .text.HAL_CAN_IRQHandler
                0x08000898      0x1fc Drivers/STM32F1xx_HAL_Driver/Src/stm32f1xx_hal_can.o
                0x08000898                HAL_CAN_IRQHandler
 .text.HAL_NVIC_SetPriorityGrouping
                0x08000a94       0x24 Drivers/STM32F1xx_HAL_Driver/Src/stm32f1xx_hal_cortex.o
                0x08000a94                HAL_NVIC_SetPriorityGrouping
 .text.HAL_NVIC_SetPriority
                0x08000ab8       0x68 Drivers/STM32F1xx_HAL_Driver/Src/stm32f1xx_hal_cortex.o
                0x08000ab8                HAL_NVIC_SetPriority
 .text.HAL_NVIC_EnableIRQ
                0x08000b20       0x18 Drivers/STM32F1xx_HAL_Driver/Src/stm32f1xx_hal_cortex.o
                0x08000b20                HAL_NVIC_EnableIRQ
 .text.HAL_SYSTICK_Config
                0x08000b38       0x2c Drivers/STM32F1xx_HAL_Driver/Src/stm32f1xx_hal_cortex.o
                0x08000b38                HAL_SYSTICK_Config
 .text.HAL_SYSTICK_CLKSourceConfig
                0x08000b64       0x20 Drivers/STM32F1xx_HAL_Driver/Src/stm32f1xx_hal_cortex.o
                0x08000b64                HAL_SYSTICK_CLKSourceConfig
 .text.HAL_SYSTICK_Callback
                0x08000b84        0x2 Drivers/STM32F1xx_HAL_Driver/Src/stm32f1xx_hal_cortex.o
                0x08000b84                HAL_SYSTICK_Callback
 .text.HAL_SYSTICK_IRQHandler
                0x08000b86        0x8 Drivers/STM32F1xx_HAL_Driver/Src/stm32f1xx_hal_cortex.o
                0x08000b86                HAL_SYSTICK_IRQHandler
 *fill*         0x08000b8e        0x2 
 .text.HAL_GPIO_Init
                0x08000b90      0x1d4 Drivers/STM32F1xx_HAL_Driver/Src/stm32f1xx_hal_gpio.o
                0x08000b90                HAL_GPIO_Init
 .text.HAL_GPIO_WritePin
                0x08000d64        0xc Drivers/STM32F1xx_HAL_Driver/Src/stm32f1xx_hal_gpio.o
                0x08000d64                HAL_GPIO_WritePin
 .text.HAL_GPIO_TogglePin
                0x08000d70        0x8 Drivers/STM32F1xx_HAL_Driver/Src/stm32f1xx_hal_gpio.o
                0x08000d70                HAL_GPIO_TogglePin
 .text.HAL_GPIO_EXTI_Callback
                0x08000d78        0x2 Drivers/STM32F1xx_HAL_Driver/Src/stm32f1xx_hal_gpio.o
                0x08000d78                HAL_GPIO_EXTI_Callback
 *fill*         0x08000d7a        0x2 
 .text.HAL_GPIO_EXTI_IRQHandler
                0x08000d7c       0x1c Drivers/STM32F1xx_HAL_Driver/Src/stm32f1xx_hal_gpio.o
                0x08000d7c                HAL_GPIO_EXTI_IRQHandler
 .text.RCC_Delay
                0x08000d98       0x2c Drivers/STM32F1xx_HAL_Driver/Src/stm32f1xx_hal_rcc.o
 .text.HAL_RCC_OscConfig
                0x08000dc4      0x3dc Drivers/STM32F1xx_HAL_Driver/Src/stm32f1xx_hal_rcc.o
                0x08000dc4                HAL_RCC_OscConfig
 .text.HAL_RCC_GetSysClockFreq
                0x080011a0       0x70 Drivers/STM32F1xx_HAL_Driver/Src/stm32f1xx_hal_rcc.o
                0x080011a0                HAL_RCC_GetSysClockFreq
 .text.HAL_RCC_ClockConfig
                0x08001210      0x178 Drivers/STM32F1xx_HAL_Driver/Src/stm32f1xx_hal_rcc.o
                0x08001210                HAL_RCC_ClockConfig
 .text.HAL_RCC_GetHCLKFreq
                0x08001388        0xc Drivers/STM32F1xx_HAL_Driver/Src/stm32f1xx_hal_rcc.o
                0x08001388                HAL_RCC_GetHCLKFreq
 .text.MX_CAN_Init
                0x08001394       0x38 Src/can.o
                0x08001394                MX_CAN_Init
 .text.HAL_CAN_MspInit
                0x080013cc       0x94 Src/can.o
                0x080013cc                HAL_CAN_MspInit
 .text.CAN_ConfigFilter
                0x08001460       0x40 Src/can.o
                0x08001460                CAN_ConfigFilter
 .text.CAN_Receive
                0x080014a0       0x20 Src/can.o
                0x080014a0                CAN_Receive
 .text.CAN_Transmit
                0x080014c0       0x3c Src/can.o
                0x080014c0                CAN_Transmit
 .text.Init_RxMes
                0x080014fc       0x22 Src/can.o
                0x080014fc                Init_RxMes
 *fill*         0x0800151e        0x2 
 .text.CAN_ConfigFrames
                0x08001520       0x34 Src/can.o
                0x08001520                CAN_ConfigFrames
 .text.HAL_CAN_ErrorCallback
                0x08001554       0x1e Src/can.o
                0x08001554                HAL_CAN_ErrorCallback
 .text.HAL_CAN_RxCpltCallback
                0x08001572       0x18 Src/can.o
                0x08001572                HAL_CAN_RxCpltCallback
 *fill*         0x0800158a        0x2 
 .text.MX_GPIO_Init
                0x0800158c      0x190 Src/gpio.o
                0x0800158c                MX_GPIO_Init
 .text._Error_Handler
                0x0800171c       0x1c Src/main.o
                0x0800171c                _Error_Handler
 .text.SystemClock_Config
                0x08001738       0x84 Src/main.o
                0x08001738                SystemClock_Config
 .text.main     0x080017bc       0x38 Src/main.o
                0x080017bc                main
 .text.HAL_MspInit
                0x080017f4       0xa0 Src/stm32f1xx_hal_msp.o
                0x080017f4                HAL_MspInit
 .text.NMI_Handler
                0x08001894        0x2 Src/stm32f1xx_it.o
                0x08001894                NMI_Handler
 .text.HardFault_Handler
                0x08001896        0x2 Src/stm32f1xx_it.o
                0x08001896                HardFault_Handler
 .text.MemManage_Handler
                0x08001898        0x2 Src/stm32f1xx_it.o
                0x08001898                MemManage_Handler
 .text.BusFault_Handler
                0x0800189a        0x2 Src/stm32f1xx_it.o
                0x0800189a                BusFault_Handler
 .text.UsageFault_Handler
                0x0800189c        0x2 Src/stm32f1xx_it.o
                0x0800189c                UsageFault_Handler
 .text.SVC_Handler
                0x0800189e        0x2 Src/stm32f1xx_it.o
                0x0800189e                SVC_Handler
 .text.DebugMon_Handler
                0x080018a0        0x2 Src/stm32f1xx_it.o
                0x080018a0                DebugMon_Handler
 .text.PendSV_Handler
                0x080018a2        0x2 Src/stm32f1xx_it.o
                0x080018a2                PendSV_Handler
 .text.SysTick_Handler
                0x080018a4        0xc Src/stm32f1xx_it.o
                0x080018a4                SysTick_Handler
 .text.EXTI0_IRQHandler
                0x080018b0        0xa Src/stm32f1xx_it.o
                0x080018b0                EXTI0_IRQHandler
 .text.EXTI1_IRQHandler
                0x080018ba        0xa Src/stm32f1xx_it.o
                0x080018ba                EXTI1_IRQHandler
 .text.USB_HP_CAN1_TX_IRQHandler
                0x080018c4       0x10 Src/stm32f1xx_it.o
                0x080018c4                USB_HP_CAN1_TX_IRQHandler
 .text.USB_LP_CAN1_RX0_IRQHandler
                0x080018d4       0x14 Src/stm32f1xx_it.o
                0x080018d4                USB_LP_CAN1_RX0_IRQHandler
 .text.EXTI9_5_IRQHandler
                0x080018e8        0xa Src/stm32f1xx_it.o
                0x080018e8                EXTI9_5_IRQHandler
 .text.EXTI15_10_IRQHandler
                0x080018f2       0x14 Src/stm32f1xx_it.o
                0x080018f2                EXTI15_10_IRQHandler
 *fill*         0x08001906        0x2 
 .text.SystemInit
                0x08001908       0x4c Src/system_stm32f1xx.o
                0x08001908                SystemInit
 .text.Reset_Handler
                0x08001954       0x48 startup/startup_stm32f103xb.o
                0x08001954                Reset_Handler
 .text.Default_Handler
                0x0800199c        0x2 startup/startup_stm32f103xb.o
                0x0800199c                RTC_Alarm_IRQHandler
                0x0800199c                EXTI2_IRQHandler
                0x0800199c                TIM1_CC_IRQHandler
                0x0800199c                PVD_IRQHandler
                0x0800199c                EXTI3_IRQHandler
                0x0800199c                I2C2_EV_IRQHandler
                0x0800199c                ADC1_2_IRQHandler
                0x0800199c                SPI1_IRQHandler
                0x0800199c                TAMPER_IRQHandler
                0x0800199c                DMA1_Channel4_IRQHandler
                0x0800199c                USART3_IRQHandler
                0x0800199c                RTC_IRQHandler
                0x0800199c                DMA1_Channel7_IRQHandler
                0x0800199c                CAN1_RX1_IRQHandler
                0x0800199c                TIM4_IRQHandler
                0x0800199c                I2C1_EV_IRQHandler
                0x0800199c                DMA1_Channel6_IRQHandler
                0x0800199c                TIM3_IRQHandler
                0x0800199c                RCC_IRQHandler
                0x0800199c                TIM1_TRG_COM_IRQHandler
                0x0800199c                DMA1_Channel1_IRQHandler
                0x0800199c                Default_Handler
                0x0800199c                SPI2_IRQHandler
                0x0800199c                DMA1_Channel5_IRQHandler
                0x0800199c                EXTI4_IRQHandler
                0x0800199c                DMA1_Channel3_IRQHandler
                0x0800199c                TIM1_UP_IRQHandler
                0x0800199c                WWDG_IRQHandler
                0x0800199c                TIM2_IRQHandler
                0x0800199c                TIM1_BRK_IRQHandler
                0x0800199c                USART2_IRQHandler
                0x0800199c                I2C2_ER_IRQHandler
                0x0800199c                DMA1_Channel2_IRQHandler
                0x0800199c                CAN1_SCE_IRQHandler
                0x0800199c                FLASH_IRQHandler
                0x0800199c                USART1_IRQHandler
                0x0800199c                I2C1_ER_IRQHandler
                0x0800199c                USBWakeUp_IRQHandler
 *fill*         0x0800199e        0x2 
 .text.__libc_init_array
                0x080019a0       0x48 c:/programfiles/systemworkbench/plugins/fr.ac6.mcu.externaltools.arm-none.win32_1.17.0.201812190825/tools/compiler/bin/../lib/gcc/arm-none-eabi/7.3.1/../../../../arm-none-eabi/lib/thumb/v7-m\libc_nano.a(lib_a-init.o)
                0x080019a0                __libc_init_array
 *(.glue_7)
 .glue_7        0x080019e8        0x0 linker stubs
 *(.glue_7t)
 .glue_7t       0x080019e8        0x0 linker stubs
 *(.eh_frame)
 .eh_frame      0x080019e8        0x0 c:/programfiles/systemworkbench/plugins/fr.ac6.mcu.externaltools.arm-none.win32_1.17.0.201812190825/tools/compiler/bin/../lib/gcc/arm-none-eabi/7.3.1/thumb/v7-m/crtbegin.o
 *(.init)
 .init          0x080019e8        0x4 c:/programfiles/systemworkbench/plugins/fr.ac6.mcu.externaltools.arm-none.win32_1.17.0.201812190825/tools/compiler/bin/../lib/gcc/arm-none-eabi/7.3.1/thumb/v7-m/crti.o
                0x080019e8                _init
 .init          0x080019ec        0x8 c:/programfiles/systemworkbench/plugins/fr.ac6.mcu.externaltools.arm-none.win32_1.17.0.201812190825/tools/compiler/bin/../lib/gcc/arm-none-eabi/7.3.1/thumb/v7-m/crtn.o
 *(.fini)
 .fini          0x080019f4        0x4 c:/programfiles/systemworkbench/plugins/fr.ac6.mcu.externaltools.arm-none.win32_1.17.0.201812190825/tools/compiler/bin/../lib/gcc/arm-none-eabi/7.3.1/thumb/v7-m/crti.o
                0x080019f4                _fini
 .fini          0x080019f8        0x8 c:/programfiles/systemworkbench/plugins/fr.ac6.mcu.externaltools.arm-none.win32_1.17.0.201812190825/tools/compiler/bin/../lib/gcc/arm-none-eabi/7.3.1/thumb/v7-m/crtn.o
                0x08001a00                . = ALIGN (0x4)
                0x08001a00                _etext = .

.vfp11_veneer   0x08001a00        0x0
 .vfp11_veneer  0x08001a00        0x0 linker stubs

.v4_bx          0x08001a00        0x0
 .v4_bx         0x08001a00        0x0 linker stubs

.iplt           0x08001a00        0x0
 .iplt          0x08001a00        0x0 c:/programfiles/systemworkbench/plugins/fr.ac6.mcu.externaltools.arm-none.win32_1.17.0.201812190825/tools/compiler/bin/../lib/gcc/arm-none-eabi/7.3.1/thumb/v7-m/crtbegin.o

.rodata         0x08001a00       0x4c
                0x08001a00                . = ALIGN (0x4)
 *(.rodata)
 .rodata        0x08001a00       0x12 Drivers/STM32F1xx_HAL_Driver/Src/stm32f1xx_hal_rcc.o
 *fill*         0x08001a12        0x2 
 .rodata        0x08001a14       0x18 Src/system_stm32f1xx.o
                0x08001a14                AHBPrescTable
                0x08001a24                APBPrescTable
 *(.rodata*)
 .rodata.str1.4
                0x08001a2c        0xd Src/can.o
 *fill*         0x08001a39        0x3 
 .rodata.str1.4
                0x08001a3c       0x10 Src/main.o
                                  0xe (size before relaxing)
                0x08001a4c                . = ALIGN (0x4)

.rel.dyn        0x08001a4c        0x0
 .rel.iplt      0x08001a4c        0x0 c:/programfiles/systemworkbench/plugins/fr.ac6.mcu.externaltools.arm-none.win32_1.17.0.201812190825/tools/compiler/bin/../lib/gcc/arm-none-eabi/7.3.1/thumb/v7-m/crtbegin.o

.ARM.extab
 *(.ARM.extab* .gnu.linkonce.armextab.*)

.ARM            0x08001a4c        0x0
                0x08001a4c                __exidx_start = .
 *(.ARM.exidx*)
                0x08001a4c                __exidx_end = .

.preinit_array  0x08001a4c        0x0
                0x08001a4c                PROVIDE (__preinit_array_start = .)
 *(.preinit_array*)
                0x08001a4c                PROVIDE (__preinit_array_end = .)

.init_array     0x08001a4c        0x4
                0x08001a4c                PROVIDE (__init_array_start = .)
 *(SORT_BY_NAME(.init_array.*))
 *(.init_array*)
 .init_array    0x08001a4c        0x4 c:/programfiles/systemworkbench/plugins/fr.ac6.mcu.externaltools.arm-none.win32_1.17.0.201812190825/tools/compiler/bin/../lib/gcc/arm-none-eabi/7.3.1/thumb/v7-m/crtbegin.o
                0x08001a50                PROVIDE (__init_array_end = .)

.fini_array     0x08001a50        0x4
                [!provide]                PROVIDE (__fini_array_start = .)
 *(SORT_BY_NAME(.fini_array.*))
 *(.fini_array*)
 .fini_array    0x08001a50        0x4 c:/programfiles/systemworkbench/plugins/fr.ac6.mcu.externaltools.arm-none.win32_1.17.0.201812190825/tools/compiler/bin/../lib/gcc/arm-none-eabi/7.3.1/thumb/v7-m/crtbegin.o
                [!provide]                PROVIDE (__fini_array_end = .)
                0x08001a54                _sidata = LOADADDR (.data)

.data           0x20000000        0xc load address 0x08001a54
                0x20000000                . = ALIGN (0x4)
                0x20000000                _sdata = .
 *(.data)
 .data          0x20000000        0x8 Drivers/STM32F1xx_HAL_Driver/Src/stm32f1xx_hal.o
                0x20000000                uwTickFreq
                0x20000004                uwTickPrio
 .data          0x20000008        0x4 Src/system_stm32f1xx.o
                0x20000008                SystemCoreClock
 *(.data*)
                0x2000000c                . = ALIGN (0x4)
                0x2000000c                _edata = .

.igot.plt       0x2000000c        0x0 load address 0x08001a60
 .igot.plt      0x2000000c        0x0 c:/programfiles/systemworkbench/plugins/fr.ac6.mcu.externaltools.arm-none.win32_1.17.0.201812190825/tools/compiler/bin/../lib/gcc/arm-none-eabi/7.3.1/thumb/v7-m/crtbegin.o
                0x2000000c                . = ALIGN (0x4)

.bss            0x2000000c       0xb8 load address 0x08001a60
                0x2000000c                _sbss = .
                0x2000000c                __bss_start__ = _sbss
 *(.bss)
 .bss           0x2000000c       0x1c c:/programfiles/systemworkbench/plugins/fr.ac6.mcu.externaltools.arm-none.win32_1.17.0.201812190825/tools/compiler/bin/../lib/gcc/arm-none-eabi/7.3.1/thumb/v7-m/crtbegin.o
 .bss           0x20000028       0x44 Src/can.o
                0x20000068                can_flag_er
                0x20000069                erro_trans
                0x2000006a                erro_rec
                0x2000006b                retry_receive
 *(.bss*)
 *(COMMON)
 COMMON         0x2000006c        0x4 Drivers/STM32F1xx_HAL_Driver/Src/stm32f1xx_hal.o
                0x2000006c                uwTick
 COMMON         0x20000070       0x54 Src/can.o
                0x20000070                vetTx
                0x20000078                hcan
                0x200000bc                idRx
                0x200000c0                vetRx
                0x200000c4                . = ALIGN (0x4)
                0x200000c4                _ebss = .
                0x200000c4                __bss_end__ = _ebss

._user_heap_stack
                0x200000c4      0x604 load address 0x08001a60
                0x200000c8                . = ALIGN (0x8)
 *fill*         0x200000c4        0x4 
                [!provide]                PROVIDE (end = .)
                [!provide]                PROVIDE (_end = .)
                0x200002c8                . = (. + _Min_Heap_Size)
 *fill*         0x200000c8      0x200 
                0x200006c8                . = (. + _Min_Stack_Size)
 *fill*         0x200002c8      0x400 
                0x200006c8                . = ALIGN (0x8)

/DISCARD/
 libc.a(*)
 libm.a(*)
 libgcc.a(*)

.ARM.attributes
                0x00000000       0x29
 *(.ARM.attributes)
 .ARM.attributes
                0x00000000       0x1d c:/programfiles/systemworkbench/plugins/fr.ac6.mcu.externaltools.arm-none.win32_1.17.0.201812190825/tools/compiler/bin/../lib/gcc/arm-none-eabi/7.3.1/thumb/v7-m/crti.o
 .ARM.attributes
                0x0000001d       0x2d c:/programfiles/systemworkbench/plugins/fr.ac6.mcu.externaltools.arm-none.win32_1.17.0.201812190825/tools/compiler/bin/../lib/gcc/arm-none-eabi/7.3.1/thumb/v7-m/crtbegin.o
 .ARM.attributes
                0x0000004a       0x33 Drivers/STM32F1xx_HAL_Driver/Src/stm32f1xx_hal.o
 .ARM.attributes
                0x0000007d       0x33 Drivers/STM32F1xx_HAL_Driver/Src/stm32f1xx_hal_can.o
 .ARM.attributes
                0x000000b0       0x33 Drivers/STM32F1xx_HAL_Driver/Src/stm32f1xx_hal_cortex.o
 .ARM.attributes
                0x000000e3       0x33 Drivers/STM32F1xx_HAL_Driver/Src/stm32f1xx_hal_gpio.o
 .ARM.attributes
                0x00000116       0x33 Drivers/STM32F1xx_HAL_Driver/Src/stm32f1xx_hal_rcc.o
 .ARM.attributes
                0x00000149       0x33 Src/can.o
 .ARM.attributes
                0x0000017c       0x33 Src/gpio.o
 .ARM.attributes
                0x000001af       0x33 Src/main.o
 .ARM.attributes
                0x000001e2       0x33 Src/stm32f1xx_hal_msp.o
 .ARM.attributes
                0x00000215       0x33 Src/stm32f1xx_it.o
 .ARM.attributes
                0x00000248       0x33 Src/system_stm32f1xx.o
 .ARM.attributes
                0x0000027b       0x21 startup/startup_stm32f103xb.o
 .ARM.attributes
                0x0000029c       0x2d c:/programfiles/systemworkbench/plugins/fr.ac6.mcu.externaltools.arm-none.win32_1.17.0.201812190825/tools/compiler/bin/../lib/gcc/arm-none-eabi/7.3.1/../../../../arm-none-eabi/lib/thumb/v7-m\libc_nano.a(lib_a-init.o)
 .ARM.attributes
                0x000002c9       0x1d c:/programfiles/systemworkbench/plugins/fr.ac6.mcu.externaltools.arm-none.win32_1.17.0.201812190825/tools/compiler/bin/../lib/gcc/arm-none-eabi/7.3.1/thumb/v7-m/crtn.o
OUTPUT(teste_can_ecu_v2.elf elf32-littlearm)

.debug_info     0x00000000     0xbc19
 .debug_info    0x00000000      0xfa6 Drivers/STM32F1xx_HAL_Driver/Src/stm32f1xx_hal.o
 .debug_info    0x00000fa6     0x149a Drivers/STM32F1xx_HAL_Driver/Src/stm32f1xx_hal_can.o
 .debug_info    0x00002440     0x1475 Drivers/STM32F1xx_HAL_Driver/Src/stm32f1xx_hal_cortex.o
 .debug_info    0x000038b5      0xe87 Drivers/STM32F1xx_HAL_Driver/Src/stm32f1xx_hal_gpio.o
 .debug_info    0x0000473c     0x11ef Drivers/STM32F1xx_HAL_Driver/Src/stm32f1xx_hal_rcc.o
 .debug_info    0x0000592b     0x16e3 Src/can.o
 .debug_info    0x0000700e      0xf3e Src/gpio.o
 .debug_info    0x00007f4c     0x137b Src/main.o
 .debug_info    0x000092c7      0xcec Src/stm32f1xx_hal_msp.o
 .debug_info    0x00009fb3     0x102f Src/stm32f1xx_it.o
 .debug_info    0x0000afe2      0xc15 Src/system_stm32f1xx.o
 .debug_info    0x0000bbf7       0x22 startup/startup_stm32f103xb.o

.debug_abbrev   0x00000000     0x1e67
 .debug_abbrev  0x00000000      0x2f4 Drivers/STM32F1xx_HAL_Driver/Src/stm32f1xx_hal.o
 .debug_abbrev  0x000002f4      0x2de Drivers/STM32F1xx_HAL_Driver/Src/stm32f1xx_hal_can.o
 .debug_abbrev  0x000005d2      0x3cd Drivers/STM32F1xx_HAL_Driver/Src/stm32f1xx_hal_cortex.o
 .debug_abbrev  0x0000099f      0x2a7 Drivers/STM32F1xx_HAL_Driver/Src/stm32f1xx_hal_gpio.o
 .debug_abbrev  0x00000c46      0x335 Drivers/STM32F1xx_HAL_Driver/Src/stm32f1xx_hal_rcc.o
 .debug_abbrev  0x00000f7b      0x30b Src/can.o
 .debug_abbrev  0x00001286      0x254 Src/gpio.o
 .debug_abbrev  0x000014da      0x28c Src/main.o
 .debug_abbrev  0x00001766      0x234 Src/stm32f1xx_hal_msp.o
 .debug_abbrev  0x0000199a      0x293 Src/stm32f1xx_it.o
 .debug_abbrev  0x00001c2d      0x228 Src/system_stm32f1xx.o
 .debug_abbrev  0x00001e55       0x12 startup/startup_stm32f103xb.o

.debug_loc      0x00000000     0x2062
 .debug_loc     0x00000000       0xfd Drivers/STM32F1xx_HAL_Driver/Src/stm32f1xx_hal.o
 .debug_loc     0x000000fd      0xdb5 Drivers/STM32F1xx_HAL_Driver/Src/stm32f1xx_hal_can.o
 .debug_loc     0x00000eb2      0x5ad Drivers/STM32F1xx_HAL_Driver/Src/stm32f1xx_hal_cortex.o
 .debug_loc     0x0000145f      0x44e Drivers/STM32F1xx_HAL_Driver/Src/stm32f1xx_hal_gpio.o
 .debug_loc     0x000018ad      0x4f6 Drivers/STM32F1xx_HAL_Driver/Src/stm32f1xx_hal_rcc.o
 .debug_loc     0x00001da3      0x17a Src/can.o
 .debug_loc     0x00001f1d       0x24 Src/gpio.o
 .debug_loc     0x00001f41       0x42 Src/main.o
 .debug_loc     0x00001f83       0xdf Src/system_stm32f1xx.o

.debug_aranges  0x00000000      0x4b0
 .debug_aranges
                0x00000000       0xd0 Drivers/STM32F1xx_HAL_Driver/Src/stm32f1xx_hal.o
 .debug_aranges
                0x000000d0       0xb0 Drivers/STM32F1xx_HAL_Driver/Src/stm32f1xx_hal_can.o
 .debug_aranges
                0x00000180       0x90 Drivers/STM32F1xx_HAL_Driver/Src/stm32f1xx_hal_cortex.o
 .debug_aranges
                0x00000210       0x58 Drivers/STM32F1xx_HAL_Driver/Src/stm32f1xx_hal_gpio.o
 .debug_aranges
                0x00000268       0x90 Drivers/STM32F1xx_HAL_Driver/Src/stm32f1xx_hal_rcc.o
 .debug_aranges
                0x000002f8       0x68 Src/can.o
 .debug_aranges
                0x00000360       0x20 Src/gpio.o
 .debug_aranges
                0x00000380       0x30 Src/main.o
 .debug_aranges
                0x000003b0       0x20 Src/stm32f1xx_hal_msp.o
 .debug_aranges
                0x000003d0       0x90 Src/stm32f1xx_it.o
 .debug_aranges
                0x00000460       0x28 Src/system_stm32f1xx.o
 .debug_aranges
                0x00000488       0x28 startup/startup_stm32f103xb.o

.debug_ranges   0x00000000      0x478
 .debug_ranges  0x00000000       0xc0 Drivers/STM32F1xx_HAL_Driver/Src/stm32f1xx_hal.o
 .debug_ranges  0x000000c0       0xa0 Drivers/STM32F1xx_HAL_Driver/Src/stm32f1xx_hal_can.o
 .debug_ranges  0x00000160       0xe0 Drivers/STM32F1xx_HAL_Driver/Src/stm32f1xx_hal_cortex.o
 .debug_ranges  0x00000240       0x48 Drivers/STM32F1xx_HAL_Driver/Src/stm32f1xx_hal_gpio.o
 .debug_ranges  0x00000288       0xa0 Drivers/STM32F1xx_HAL_Driver/Src/stm32f1xx_hal_rcc.o
 .debug_ranges  0x00000328       0x58 Src/can.o
 .debug_ranges  0x00000380       0x10 Src/gpio.o
 .debug_ranges  0x00000390       0x20 Src/main.o
 .debug_ranges  0x000003b0       0x10 Src/stm32f1xx_hal_msp.o
 .debug_ranges  0x000003c0       0x80 Src/stm32f1xx_it.o
 .debug_ranges  0x00000440       0x18 Src/system_stm32f1xx.o
 .debug_ranges  0x00000458       0x20 startup/startup_stm32f103xb.o

.debug_macro    0x00000000    0x14c35
 .debug_macro   0x00000000      0x312 Drivers/STM32F1xx_HAL_Driver/Src/stm32f1xx_hal.o
 .debug_macro   0x00000312      0xa60 Drivers/STM32F1xx_HAL_Driver/Src/stm32f1xx_hal.o
 .debug_macro   0x00000d72       0xd0 Drivers/STM32F1xx_HAL_Driver/Src/stm32f1xx_hal.o
 .debug_macro   0x00000e42      0x163 Drivers/STM32F1xx_HAL_Driver/Src/stm32f1xx_hal.o
 .debug_macro   0x00000fa5       0x2e Drivers/STM32F1xx_HAL_Driver/Src/stm32f1xx_hal.o
 .debug_macro   0x00000fd3       0x22 Drivers/STM32F1xx_HAL_Driver/Src/stm32f1xx_hal.o
 .debug_macro   0x00000ff5       0x22 Drivers/STM32F1xx_HAL_Driver/Src/stm32f1xx_hal.o
 .debug_macro   0x00001017       0x8e Drivers/STM32F1xx_HAL_Driver/Src/stm32f1xx_hal.o
 .debug_macro   0x000010a5       0x51 Drivers/STM32F1xx_HAL_Driver/Src/stm32f1xx_hal.o
 .debug_macro   0x000010f6       0xef Drivers/STM32F1xx_HAL_Driver/Src/stm32f1xx_hal.o
 .debug_macro   0x000011e5       0x6a Drivers/STM32F1xx_HAL_Driver/Src/stm32f1xx_hal.o
 .debug_macro   0x0000124f      0x1df Drivers/STM32F1xx_HAL_Driver/Src/stm32f1xx_hal.o
 .debug_macro   0x0000142e       0x34 Drivers/STM32F1xx_HAL_Driver/Src/stm32f1xx_hal.o
 .debug_macro   0x00001462       0x34 Drivers/STM32F1xx_HAL_Driver/Src/stm32f1xx_hal.o
 .debug_macro   0x00001496      0xb8e Drivers/STM32F1xx_HAL_Driver/Src/stm32f1xx_hal.o
 .debug_macro   0x00002024     0xe90a Drivers/STM32F1xx_HAL_Driver/Src/stm32f1xx_hal.o
 .debug_macro   0x0001092e       0x43 Drivers/STM32F1xx_HAL_Driver/Src/stm32f1xx_hal.o
 .debug_macro   0x00010971       0x5e Drivers/STM32F1xx_HAL_Driver/Src/stm32f1xx_hal.o
 .debug_macro   0x000109cf       0x18 Drivers/STM32F1xx_HAL_Driver/Src/stm32f1xx_hal.o
 .debug_macro   0x000109e7       0x35 Drivers/STM32F1xx_HAL_Driver/Src/stm32f1xx_hal.o
 .debug_macro   0x00010a1c       0x34 Drivers/STM32F1xx_HAL_Driver/Src/stm32f1xx_hal.o
 .debug_macro   0x00010a50       0x16 Drivers/STM32F1xx_HAL_Driver/Src/stm32f1xx_hal.o
 .debug_macro   0x00010a66       0x97 Drivers/STM32F1xx_HAL_Driver/Src/stm32f1xx_hal.o
 .debug_macro   0x00010afd      0x330 Drivers/STM32F1xx_HAL_Driver/Src/stm32f1xx_hal.o
 .debug_macro   0x00010e2d       0xfd Drivers/STM32F1xx_HAL_Driver/Src/stm32f1xx_hal.o
 .debug_macro   0x00010f2a       0x10 Drivers/STM32F1xx_HAL_Driver/Src/stm32f1xx_hal.o
 .debug_macro   0x00010f3a       0x58 Drivers/STM32F1xx_HAL_Driver/Src/stm32f1xx_hal.o
 .debug_macro   0x00010f92       0x1f Drivers/STM32F1xx_HAL_Driver/Src/stm32f1xx_hal.o
 .debug_macro   0x00010fb1       0x43 Drivers/STM32F1xx_HAL_Driver/Src/stm32f1xx_hal.o
 .debug_macro   0x00010ff4       0x20 Drivers/STM32F1xx_HAL_Driver/Src/stm32f1xx_hal.o
 .debug_macro   0x00011014      0x18e Drivers/STM32F1xx_HAL_Driver/Src/stm32f1xx_hal.o
 .debug_macro   0x000111a2       0x10 Drivers/STM32F1xx_HAL_Driver/Src/stm32f1xx_hal.o
 .debug_macro   0x000111b2       0x1c Drivers/STM32F1xx_HAL_Driver/Src/stm32f1xx_hal.o
 .debug_macro   0x000111ce       0x52 Drivers/STM32F1xx_HAL_Driver/Src/stm32f1xx_hal.o
 .debug_macro   0x00011220       0x40 Drivers/STM32F1xx_HAL_Driver/Src/stm32f1xx_hal.o
 .debug_macro   0x00011260       0x10 Drivers/STM32F1xx_HAL_Driver/Src/stm32f1xx_hal.o
 .debug_macro   0x00011270       0x40 Drivers/STM32F1xx_HAL_Driver/Src/stm32f1xx_hal.o
 .debug_macro   0x000112b0       0xd7 Drivers/STM32F1xx_HAL_Driver/Src/stm32f1xx_hal.o
 .debug_macro   0x00011387       0x1c Drivers/STM32F1xx_HAL_Driver/Src/stm32f1xx_hal.o
 .debug_macro   0x000113a3       0x3d Drivers/STM32F1xx_HAL_Driver/Src/stm32f1xx_hal.o
 .debug_macro   0x000113e0       0x16 Drivers/STM32F1xx_HAL_Driver/Src/stm32f1xx_hal.o
 .debug_macro   0x000113f6      0x16f Drivers/STM32F1xx_HAL_Driver/Src/stm32f1xx_hal.o
 .debug_macro   0x00011565       0x50 Drivers/STM32F1xx_HAL_Driver/Src/stm32f1xx_hal.o
 .debug_macro   0x000115b5      0x5c2 Drivers/STM32F1xx_HAL_Driver/Src/stm32f1xx_hal.o
 .debug_macro   0x00011b77      0x28a Drivers/STM32F1xx_HAL_Driver/Src/stm32f1xx_hal.o
 .debug_macro   0x00011e01      0x1cb Drivers/STM32F1xx_HAL_Driver/Src/stm32f1xx_hal.o
 .debug_macro   0x00011fcc      0x11e Drivers/STM32F1xx_HAL_Driver/Src/stm32f1xx_hal.o
 .debug_macro   0x000120ea      0x1b3 Drivers/STM32F1xx_HAL_Driver/Src/stm32f1xx_hal.o
 .debug_macro   0x0001229d       0x27 Drivers/STM32F1xx_HAL_Driver/Src/stm32f1xx_hal.o
 .debug_macro   0x000122c4      0x1bc Drivers/STM32F1xx_HAL_Driver/Src/stm32f1xx_hal.o
 .debug_macro   0x00012480       0x34 Drivers/STM32F1xx_HAL_Driver/Src/stm32f1xx_hal.o
 .debug_macro   0x000124b4       0x3c Drivers/STM32F1xx_HAL_Driver/Src/stm32f1xx_hal.o
 .debug_macro   0x000124f0      0x3a6 Drivers/STM32F1xx_HAL_Driver/Src/stm32f1xx_hal.o
 .debug_macro   0x00012896       0x10 Drivers/STM32F1xx_HAL_Driver/Src/stm32f1xx_hal.o
 .debug_macro   0x000128a6       0x74 Drivers/STM32F1xx_HAL_Driver/Src/stm32f1xx_hal.o
 .debug_macro   0x0001291a       0x57 Drivers/STM32F1xx_HAL_Driver/Src/stm32f1xx_hal.o
 .debug_macro   0x00012971       0x8c Drivers/STM32F1xx_HAL_Driver/Src/stm32f1xx_hal.o
 .debug_macro   0x000129fd      0x242 Drivers/STM32F1xx_HAL_Driver/Src/stm32f1xx_hal.o
 .debug_macro   0x00012c3f      0x143 Drivers/STM32F1xx_HAL_Driver/Src/stm32f1xx_hal.o
 .debug_macro   0x00012d82       0x83 Drivers/STM32F1xx_HAL_Driver/Src/stm32f1xx_hal.o
 .debug_macro   0x00012e05      0x2f5 Drivers/STM32F1xx_HAL_Driver/Src/stm32f1xx_hal_can.o
 .debug_macro   0x000130fa      0x2ee Drivers/STM32F1xx_HAL_Driver/Src/stm32f1xx_hal_cortex.o
 .debug_macro   0x000133e8      0x35e Drivers/STM32F1xx_HAL_Driver/Src/stm32f1xx_hal_gpio.o
 .debug_macro   0x00013746      0x300 Drivers/STM32F1xx_HAL_Driver/Src/stm32f1xx_hal_rcc.o
 .debug_macro   0x00013a46      0x308 Src/can.o
 .debug_macro   0x00013d4e      0x2f8 Src/gpio.o
 .debug_macro   0x00014046      0x305 Src/main.o
 .debug_macro   0x0001434b       0x10 Src/main.o
 .debug_macro   0x0001435b      0x2ee Src/stm32f1xx_hal_msp.o
 .debug_macro   0x00014649      0x2f8 Src/stm32f1xx_it.o
 .debug_macro   0x00014941      0x2f4 Src/system_stm32f1xx.o

.debug_line     0x00000000     0x5ea1
 .debug_line    0x00000000      0x8c6 Drivers/STM32F1xx_HAL_Driver/Src/stm32f1xx_hal.o
 .debug_line    0x000008c6      0xcda Drivers/STM32F1xx_HAL_Driver/Src/stm32f1xx_hal_can.o
 .debug_line    0x000015a0      0x8de Drivers/STM32F1xx_HAL_Driver/Src/stm32f1xx_hal_cortex.o
 .debug_line    0x00001e7e      0x8c3 Drivers/STM32F1xx_HAL_Driver/Src/stm32f1xx_hal_gpio.o
 .debug_line    0x00002741      0x9e0 Drivers/STM32F1xx_HAL_Driver/Src/stm32f1xx_hal_rcc.o
 .debug_line    0x00003121      0x81c Src/can.o
 .debug_line    0x0000393d      0x734 Src/gpio.o
 .debug_line    0x00004071      0x75e Src/main.o
 .debug_line    0x000047cf      0x70e Src/stm32f1xx_hal_msp.o
 .debug_line    0x00004edd      0x804 Src/stm32f1xx_it.o
 .debug_line    0x000056e1      0x743 Src/system_stm32f1xx.o
 .debug_line    0x00005e24       0x7d startup/startup_stm32f103xb.o

.debug_str      0x00000000    0x6b4c9
 .debug_str     0x00000000    0x6a2c3 Drivers/STM32F1xx_HAL_Driver/Src/stm32f1xx_hal.o
                              0x6a670 (size before relaxing)
 .debug_str     0x0006a2c3      0x578 Drivers/STM32F1xx_HAL_Driver/Src/stm32f1xx_hal_can.o
                              0x6a4c1 (size before relaxing)
 .debug_str     0x0006a83b      0x2af Drivers/STM32F1xx_HAL_Driver/Src/stm32f1xx_hal_cortex.o
                              0x6a5c5 (size before relaxing)
 .debug_str     0x0006aaea      0x3b0 Drivers/STM32F1xx_HAL_Driver/Src/stm32f1xx_hal_gpio.o
                              0x6a30c (size before relaxing)
 .debug_str     0x0006ae9a      0x368 Drivers/STM32F1xx_HAL_Driver/Src/stm32f1xx_hal_rcc.o
                              0x6a361 (size before relaxing)
 .debug_str     0x0006b202       0xd1 Src/can.o
                              0x6a82a (size before relaxing)
 .debug_str     0x0006b2d3       0x1b Src/gpio.o
                              0x6a2d9 (size before relaxing)
 .debug_str     0x0006b2ee       0x26 Src/main.o
                              0x6a73d (size before relaxing)
 .debug_str     0x0006b314       0x1b Src/stm32f1xx_hal_msp.o
                              0x6a24d (size before relaxing)
 .debug_str     0x0006b32f      0x102 Src/stm32f1xx_it.o
                              0x6a363 (size before relaxing)
 .debug_str     0x0006b431       0x69 Src/system_stm32f1xx.o
                              0x69fb7 (size before relaxing)
 .debug_str     0x0006b49a       0x2f startup/startup_stm32f103xb.o
                                 0x5b (size before relaxing)

.comment        0x00000000       0x7f
 .comment       0x00000000       0x7f Drivers/STM32F1xx_HAL_Driver/Src/stm32f1xx_hal.o
                                 0x80 (size before relaxing)
 .comment       0x0000007f       0x80 Drivers/STM32F1xx_HAL_Driver/Src/stm32f1xx_hal_can.o
 .comment       0x0000007f       0x80 Drivers/STM32F1xx_HAL_Driver/Src/stm32f1xx_hal_cortex.o
 .comment       0x0000007f       0x80 Drivers/STM32F1xx_HAL_Driver/Src/stm32f1xx_hal_gpio.o
 .comment       0x0000007f       0x80 Drivers/STM32F1xx_HAL_Driver/Src/stm32f1xx_hal_rcc.o
 .comment       0x0000007f       0x80 Src/can.o
 .comment       0x0000007f       0x80 Src/gpio.o
 .comment       0x0000007f       0x80 Src/main.o
 .comment       0x0000007f       0x80 Src/stm32f1xx_hal_msp.o
 .comment       0x0000007f       0x80 Src/stm32f1xx_it.o
 .comment       0x0000007f       0x80 Src/system_stm32f1xx.o

.debug_frame    0x00000000      0xa8c
 .debug_frame   0x00000000      0x1ac Drivers/STM32F1xx_HAL_Driver/Src/stm32f1xx_hal.o
 .debug_frame   0x000001ac      0x208 Drivers/STM32F1xx_HAL_Driver/Src/stm32f1xx_hal_can.o
 .debug_frame   0x000003b4      0x12c Drivers/STM32F1xx_HAL_Driver/Src/stm32f1xx_hal_cortex.o
 .debug_frame   0x000004e0       0xd4 Drivers/STM32F1xx_HAL_Driver/Src/stm32f1xx_hal_gpio.o
 .debug_frame   0x000005b4      0x174 Drivers/STM32F1xx_HAL_Driver/Src/stm32f1xx_hal_rcc.o
 .debug_frame   0x00000728      0x10c Src/can.o
 .debug_frame   0x00000834       0x38 Src/gpio.o
 .debug_frame   0x0000086c       0x60 Src/main.o
 .debug_frame   0x000008cc       0x2c Src/stm32f1xx_hal_msp.o
 .debug_frame   0x000008f8      0x138 Src/stm32f1xx_it.o
 .debug_frame   0x00000a30       0x30 Src/system_stm32f1xx.o
 .debug_frame   0x00000a60       0x2c c:/programfiles/systemworkbench/plugins/fr.ac6.mcu.externaltools.arm-none.win32_1.17.0.201812190825/tools/compiler/bin/../lib/gcc/arm-none-eabi/7.3.1/../../../../arm-none-eabi/lib/thumb/v7-m\libc_nano.a(lib_a-init.o)
